2023-06-19T12:23:32.3028120Z Requested labels: ubuntu-latest
2023-06-19T12:23:32.3028512Z Job defined at: cantonerobin/m300_CI-CD/.github/workflows/docker-image.yml@refs/heads/main
2023-06-19T12:23:32.3028644Z Waiting for a runner to pick up this job...
2023-06-19T12:23:32.5190987Z Job is waiting for a hosted runner to come online.
2023-06-19T12:23:36.1968556Z Job is about to start running on the hosted runner: GitHub Actions 1 (hosted)
2023-06-19T12:23:39.1105609Z Current runner version: '2.305.0'
2023-06-19T12:23:39.1137804Z ##[group]Operating System
2023-06-19T12:23:39.1138472Z Ubuntu
2023-06-19T12:23:39.1138872Z 22.04.2
2023-06-19T12:23:39.1139382Z LTS
2023-06-19T12:23:39.1139786Z ##[endgroup]
2023-06-19T12:23:39.1140191Z ##[group]Runner Image
2023-06-19T12:23:39.1140680Z Image: ubuntu-22.04
2023-06-19T12:23:39.1141121Z Version: 20230611.1
2023-06-19T12:23:39.1141957Z Included Software: https://github.com/actions/runner-images/blob/ubuntu22/20230611.1/images/linux/Ubuntu2204-Readme.md
2023-06-19T12:23:39.1142802Z Image Release: https://github.com/actions/runner-images/releases/tag/ubuntu22%2F20230611.1
2023-06-19T12:23:39.1143375Z ##[endgroup]
2023-06-19T12:23:39.1143765Z ##[group]Runner Image Provisioner
2023-06-19T12:23:39.1144232Z 2.0.236.1
2023-06-19T12:23:39.1144630Z ##[endgroup]
2023-06-19T12:23:39.1145558Z ##[group]GITHUB_TOKEN Permissions
2023-06-19T12:23:39.1146174Z Contents: read
2023-06-19T12:23:39.1146582Z Metadata: read
2023-06-19T12:23:39.1147122Z Packages: read
2023-06-19T12:23:39.1147716Z ##[endgroup]
2023-06-19T12:23:39.1150884Z Secret source: Actions
2023-06-19T12:23:39.1151318Z Prepare workflow directory
2023-06-19T12:23:39.1967594Z Prepare all required actions
2023-06-19T12:23:39.2164492Z Getting action download info
2023-06-19T12:23:39.5866808Z Download action repository 'actions/checkout@v3' (SHA:c85c95e3d7251135ab7dc9ce3241c5835cc595a9)
2023-06-19T12:23:40.2453823Z Download action repository 'docker/setup-buildx-action@v2' (SHA:ecf95283f03858871ff00b787d79c419715afc34)
2023-06-19T12:23:40.7849282Z Download action repository 'docker/login-action@v2' (SHA:465a07811f14bebb1938fbed4728c6a1ff8901fc)
2023-06-19T12:23:41.3041931Z Download action repository 'docker/build-push-action@v2' (SHA:ac9327eae2b366085ac7f6a2d02df8aa8ead720a)
2023-06-19T12:23:41.9625150Z Complete job name: Build Docker image and push to repositories
2023-06-19T12:23:42.0702136Z ##[group]Run actions/checkout@v3
2023-06-19T12:23:42.0702516Z with:
2023-06-19T12:23:42.0703002Z   repository: ***/m300_CI-CD
2023-06-19T12:23:42.0703496Z   token: ***
2023-06-19T12:23:42.0703770Z   ssh-strict: true
2023-06-19T12:23:42.0704079Z   persist-credentials: true
2023-06-19T12:23:42.0704362Z   clean: true
2023-06-19T12:23:42.0704676Z   sparse-checkout-cone-mode: true
2023-06-19T12:23:42.0705010Z   fetch-depth: 1
2023-06-19T12:23:42.0705269Z   lfs: false
2023-06-19T12:23:42.0705529Z   submodules: false
2023-06-19T12:23:42.0705809Z   set-safe-directory: true
2023-06-19T12:23:42.0706112Z ##[endgroup]
2023-06-19T12:23:44.0735634Z Syncing repository: ***/m300_CI-CD
2023-06-19T12:23:44.0737627Z ##[group]Getting Git version info
2023-06-19T12:23:44.0738254Z Working directory is '/home/runner/work/m300_CI-CD/m300_CI-CD'
2023-06-19T12:23:44.0738926Z [command]/usr/bin/git version
2023-06-19T12:23:44.0924208Z git version 2.40.1
2023-06-19T12:23:44.0925576Z ##[endgroup]
2023-06-19T12:23:44.0960680Z Temporarily overriding HOME='/home/runner/work/_temp/1b35db2c-25af-4ec9-804e-2214aa96e73a' before making global git config changes
2023-06-19T12:23:44.0961181Z Adding repository directory to the temporary git global config as a safe directory
2023-06-19T12:23:44.0961661Z [command]/usr/bin/git config --global --add safe.directory /home/runner/work/m300_CI-CD/m300_CI-CD
2023-06-19T12:23:44.0998594Z Deleting the contents of '/home/runner/work/m300_CI-CD/m300_CI-CD'
2023-06-19T12:23:44.1007725Z ##[group]Initializing the repository
2023-06-19T12:23:44.1013182Z [command]/usr/bin/git init /home/runner/work/m300_CI-CD/m300_CI-CD
2023-06-19T12:23:44.1091579Z hint: Using 'master' as the name for the initial branch. This default branch name
2023-06-19T12:23:44.1092294Z hint: is subject to change. To configure the initial branch name to use in all
2023-06-19T12:23:44.1092894Z hint: of your new repositories, which will suppress this warning, call:
2023-06-19T12:23:44.1093418Z hint: 
2023-06-19T12:23:44.1093983Z hint: 	git config --global init.defaultBranch <name>
2023-06-19T12:23:44.1094433Z hint: 
2023-06-19T12:23:44.1095018Z hint: Names commonly chosen instead of 'master' are 'main', 'trunk' and
2023-06-19T12:23:44.1096041Z hint: 'development'. The just-created branch can be renamed via this command:
2023-06-19T12:23:44.1096533Z hint: 
2023-06-19T12:23:44.1096934Z hint: 	git branch -m <name>
2023-06-19T12:23:44.1105199Z Initialized empty Git repository in /home/runner/work/m300_CI-CD/m300_CI-CD/.git/
2023-06-19T12:23:44.1115909Z [command]/usr/bin/git remote add origin https://github.com/***/m300_CI-CD
2023-06-19T12:23:44.1164472Z ##[endgroup]
2023-06-19T12:23:44.1165161Z ##[group]Disabling automatic garbage collection
2023-06-19T12:23:44.1169068Z [command]/usr/bin/git config --local gc.auto 0
2023-06-19T12:23:44.1205475Z ##[endgroup]
2023-06-19T12:23:44.1206744Z ##[group]Setting up auth
2023-06-19T12:23:44.1213548Z [command]/usr/bin/git config --local --name-only --get-regexp core\.sshCommand
2023-06-19T12:23:44.1251969Z [command]/usr/bin/git submodule foreach --recursive sh -c "git config --local --name-only --get-regexp 'core\.sshCommand' && git config --local --unset-all 'core.sshCommand' || :"
2023-06-19T12:23:44.1653073Z [command]/usr/bin/git config --local --name-only --get-regexp http\.https\:\/\/github\.com\/\.extraheader
2023-06-19T12:23:44.1689303Z [command]/usr/bin/git submodule foreach --recursive sh -c "git config --local --name-only --get-regexp 'http\.https\:\/\/github\.com\/\.extraheader' && git config --local --unset-all 'http.https://github.com/.extraheader' || :"
2023-06-19T12:23:44.1948412Z [command]/usr/bin/git config --local http.https://github.com/.extraheader AUTHORIZATION: basic ***
2023-06-19T12:23:44.1992219Z ##[endgroup]
2023-06-19T12:23:44.1992950Z ##[group]Fetching the repository
2023-06-19T12:23:44.2003328Z [command]/usr/bin/git -c protocol.version=2 fetch --no-tags --prune --progress --no-recurse-submodules --depth=1 origin +d7ab6ca968396ef49309fb42a0b08ed03792ac15:refs/remotes/origin/main
2023-06-19T12:23:44.6585131Z remote: Enumerating objects: 42, done.        
2023-06-19T12:23:44.6586896Z remote: Counting objects:   2% (1/42)        
2023-06-19T12:23:44.6588432Z remote: Counting objects:   4% (2/42)        
2023-06-19T12:23:44.6589177Z remote: Counting objects:   7% (3/42)        
2023-06-19T12:23:44.6589803Z remote: Counting objects:   9% (4/42)        
2023-06-19T12:23:44.6590416Z remote: Counting objects:  11% (5/42)        
2023-06-19T12:23:44.6591013Z remote: Counting objects:  14% (6/42)        
2023-06-19T12:23:44.6591604Z remote: Counting objects:  16% (7/42)        
2023-06-19T12:23:44.6592177Z remote: Counting objects:  19% (8/42)        
2023-06-19T12:23:44.6592775Z remote: Counting objects:  21% (9/42)        
2023-06-19T12:23:44.6593392Z remote: Counting objects:  23% (10/42)        
2023-06-19T12:23:44.6594101Z remote: Counting objects:  26% (11/42)        
2023-06-19T12:23:44.6594766Z remote: Counting objects:  28% (12/42)        
2023-06-19T12:23:44.6595398Z remote: Counting objects:  30% (13/42)        
2023-06-19T12:23:44.6595993Z remote: Counting objects:  33% (14/42)        
2023-06-19T12:23:44.6596616Z remote: Counting objects:  35% (15/42)        
2023-06-19T12:23:44.6597201Z remote: Counting objects:  38% (16/42)        
2023-06-19T12:23:44.6597797Z remote: Counting objects:  40% (17/42)        
2023-06-19T12:23:44.6598391Z remote: Counting objects:  42% (18/42)        
2023-06-19T12:23:44.6598976Z remote: Counting objects:  45% (19/42)        
2023-06-19T12:23:44.6599546Z remote: Counting objects:  47% (20/42)        
2023-06-19T12:23:44.6600124Z remote: Counting objects:  50% (21/42)        
2023-06-19T12:23:44.6600707Z remote: Counting objects:  52% (22/42)        
2023-06-19T12:23:44.6601294Z remote: Counting objects:  54% (23/42)        
2023-06-19T12:23:44.6601884Z remote: Counting objects:  57% (24/42)        
2023-06-19T12:23:44.6602448Z remote: Counting objects:  59% (25/42)        
2023-06-19T12:23:44.6603047Z remote: Counting objects:  61% (26/42)        
2023-06-19T12:23:44.6603636Z remote: Counting objects:  64% (27/42)        
2023-06-19T12:23:44.6604226Z remote: Counting objects:  66% (28/42)        
2023-06-19T12:23:44.6605360Z remote: Counting objects:  69% (29/42)        
2023-06-19T12:23:44.6605955Z remote: Counting objects:  71% (30/42)        
2023-06-19T12:23:44.6607990Z remote: Counting objects:  73% (31/42)        
2023-06-19T12:23:44.6608336Z remote: Counting objects:  76% (32/42)        
2023-06-19T12:23:44.6608675Z remote: Counting objects:  78% (33/42)        
2023-06-19T12:23:44.6609018Z remote: Counting objects:  80% (34/42)        
2023-06-19T12:23:44.6609354Z remote: Counting objects:  83% (35/42)        
2023-06-19T12:23:44.6609672Z remote: Counting objects:  85% (36/42)        
2023-06-19T12:23:44.6610008Z remote: Counting objects:  88% (37/42)        
2023-06-19T12:23:44.6610342Z remote: Counting objects:  90% (38/42)        
2023-06-19T12:23:44.6610677Z remote: Counting objects:  92% (39/42)        
2023-06-19T12:23:44.6611043Z remote: Counting objects:  95% (40/42)        
2023-06-19T12:23:44.6611379Z remote: Counting objects:  97% (41/42)        
2023-06-19T12:23:44.6611706Z remote: Counting objects: 100% (42/42)        
2023-06-19T12:23:44.6612060Z remote: Counting objects: 100% (42/42), done.        
2023-06-19T12:23:44.6612447Z remote: Compressing objects:   3% (1/27)        
2023-06-19T12:23:44.6612819Z remote: Compressing objects:   7% (2/27)        
2023-06-19T12:23:44.6613184Z remote: Compressing objects:  11% (3/27)        
2023-06-19T12:23:44.6613527Z remote: Compressing objects:  14% (4/27)        
2023-06-19T12:23:44.6613886Z remote: Compressing objects:  18% (5/27)        
2023-06-19T12:23:44.6614242Z remote: Compressing objects:  22% (6/27)        
2023-06-19T12:23:44.6620591Z remote: Compressing objects:  25% (7/27)        
2023-06-19T12:23:44.6620921Z remote: Compressing objects:  29% (8/27)        
2023-06-19T12:23:44.6623222Z remote: Compressing objects:  33% (9/27)        
2023-06-19T12:23:44.6623737Z remote: Compressing objects:  37% (10/27)        
2023-06-19T12:23:44.6624008Z remote: Compressing objects:  40% (11/27)        
2023-06-19T12:23:44.6671214Z remote: Compressing objects:  44% (12/27)        
2023-06-19T12:23:44.6671481Z remote: Compressing objects:  48% (13/27)        
2023-06-19T12:23:44.6671740Z remote: Compressing objects:  51% (14/27)        
2023-06-19T12:23:44.6686849Z remote: Compressing objects:  55% (15/27)        
2023-06-19T12:23:44.6687974Z remote: Compressing objects:  59% (16/27)        
2023-06-19T12:23:44.6688407Z remote: Compressing objects:  62% (17/27)        
2023-06-19T12:23:44.6688773Z remote: Compressing objects:  66% (18/27)        
2023-06-19T12:23:44.6689138Z remote: Compressing objects:  70% (19/27)        
2023-06-19T12:23:44.6689496Z remote: Compressing objects:  74% (20/27)        
2023-06-19T12:23:44.6689854Z remote: Compressing objects:  77% (21/27)        
2023-06-19T12:23:44.6690230Z remote: Compressing objects:  81% (22/27)        
2023-06-19T12:23:44.6690609Z remote: Compressing objects:  85% (23/27)        
2023-06-19T12:23:44.6690953Z remote: Compressing objects:  88% (24/27)        
2023-06-19T12:23:44.6691317Z remote: Compressing objects:  92% (25/27)        
2023-06-19T12:23:44.6691667Z remote: Compressing objects:  96% (26/27)        
2023-06-19T12:23:44.6692018Z remote: Compressing objects: 100% (27/27)        
2023-06-19T12:23:44.6692396Z remote: Compressing objects: 100% (27/27), done.        
2023-06-19T12:23:44.8047714Z remote: Total 42 (delta 0), reused 39 (delta 0), pack-reused 0        
2023-06-19T12:23:44.8290627Z From https://github.com/***/m300_CI-CD
2023-06-19T12:23:44.8291477Z  * [new ref]         d7ab6ca968396ef49309fb42a0b08ed03792ac15 -> origin/main
2023-06-19T12:23:44.8323954Z ##[endgroup]
2023-06-19T12:23:44.8324621Z ##[group]Determining the checkout info
2023-06-19T12:23:44.8326795Z ##[endgroup]
2023-06-19T12:23:44.8327471Z ##[group]Checking out the ref
2023-06-19T12:23:44.8333509Z [command]/usr/bin/git checkout --progress --force -B main refs/remotes/origin/main
2023-06-19T12:23:44.8481297Z Switched to a new branch 'main'
2023-06-19T12:23:44.8487876Z branch 'main' set up to track 'origin/main'.
2023-06-19T12:23:44.8498939Z ##[endgroup]
2023-06-19T12:23:44.8552096Z [command]/usr/bin/git log -1 --format='%H'
2023-06-19T12:23:44.8577155Z 'd7ab6ca968396ef49309fb42a0b08ed03792ac15'
2023-06-19T12:23:44.8906309Z ##[group]Run docker/setup-buildx-action@v2
2023-06-19T12:23:44.8906622Z with:
2023-06-19T12:23:44.8906877Z   driver: docker-container
2023-06-19T12:23:44.8907426Z   buildkitd-flags: --allow-insecure-entitlement security.insecure --allow-insecure-entitlement network.host
2023-06-19T12:23:44.8907821Z   install: false
2023-06-19T12:23:44.8908014Z   use: true
2023-06-19T12:23:44.8908219Z   cleanup: true
2023-06-19T12:23:44.8908430Z ##[endgroup]
2023-06-19T12:23:45.0168935Z ##[group]Docker info
2023-06-19T12:23:45.0196439Z [command]/usr/bin/docker version
2023-06-19T12:23:45.1828379Z Client:
2023-06-19T12:23:45.1829035Z  Version:           20.10.25+azure-1
2023-06-19T12:23:45.1830004Z  API version:       1.41
2023-06-19T12:23:45.1830441Z  Go version:        go1.19.9
2023-06-19T12:23:45.1830775Z  Git commit:        b82b9f3a0e763304a250531cb9350aa6d93723c9
2023-06-19T12:23:45.1831111Z  Built:             Thu Apr  6 10:55:17 UTC 2023
2023-06-19T12:23:45.1831455Z  OS/Arch:           linux/amd64
2023-06-19T12:23:45.1831683Z  Context:           default
2023-06-19T12:23:45.1831923Z  Experimental:      true
2023-06-19T12:23:45.1832076Z 
2023-06-19T12:23:45.1832154Z Server:
2023-06-19T12:23:45.1832345Z  Engine:
2023-06-19T12:23:45.1832613Z   Version:          20.10.25+azure-1
2023-06-19T12:23:45.1832874Z   API version:      1.41 (minimum version 1.12)
2023-06-19T12:23:45.1833136Z   Go version:       go1.19.9
2023-06-19T12:23:45.1833436Z   Git commit:       5df983c7dbe2f8914e6efd4dd6e0083a20c41ce1
2023-06-19T12:23:45.1833737Z   Built:            Thu May  4 13:33:05 2023
2023-06-19T12:23:45.1833985Z   OS/Arch:          linux/amd64
2023-06-19T12:23:45.1834216Z   Experimental:     false
2023-06-19T12:23:45.1834624Z  containerd:
2023-06-19T12:23:45.1834911Z   Version:          1.6.21+azure-1
2023-06-19T12:23:45.1835316Z   GitCommit:        3dce8eb055cbb6872793272b4f20ed16117344f8
2023-06-19T12:23:45.1835642Z  runc:
2023-06-19T12:23:45.1835910Z   Version:          1.1.7
2023-06-19T12:23:45.1836305Z   GitCommit:        860f061b76bb4fc671f0f9e900f7d80ff93d4eb7
2023-06-19T12:23:45.1836638Z  docker-init:
2023-06-19T12:23:45.1836922Z   Version:          0.19.0
2023-06-19T12:23:45.1837215Z   GitCommit:        
2023-06-19T12:23:45.1886783Z [command]/usr/bin/docker info
2023-06-19T12:23:45.6117635Z Client:
2023-06-19T12:23:45.6155992Z  Context:    default
2023-06-19T12:23:45.6157062Z  Debug Mode: false
2023-06-19T12:23:45.6158121Z  Plugins:
2023-06-19T12:23:45.6159172Z   buildx: Docker Buildx (Docker Inc., 0.10.4+azure-1)
2023-06-19T12:23:45.6160375Z   compose: Docker Compose (Docker Inc., 2.18.1+azure-1)
2023-06-19T12:23:45.6160994Z 
2023-06-19T12:23:45.6161813Z Server:
2023-06-19T12:23:45.6162509Z  Containers: 0
2023-06-19T12:23:45.6163458Z   Running: 0
2023-06-19T12:23:45.6164160Z   Paused: 0
2023-06-19T12:23:45.6165181Z   Stopped: 0
2023-06-19T12:23:45.6165826Z  Images: 18
2023-06-19T12:23:45.6167036Z  Server Version: 20.10.25+azure-1
2023-06-19T12:23:45.6167592Z  Storage Driver: overlay2
2023-06-19T12:23:45.6168388Z   Backing Filesystem: extfs
2023-06-19T12:23:45.6168992Z   Supports d_type: true
2023-06-19T12:23:45.6169764Z   Native Overlay Diff: false
2023-06-19T12:23:45.6170231Z   userxattr: false
2023-06-19T12:23:45.6171089Z  Logging Driver: json-file
2023-06-19T12:23:45.6171689Z  Cgroup Driver: cgroupfs
2023-06-19T12:23:45.6172423Z  Cgroup Version: 2
2023-06-19T12:23:45.6172913Z  Plugins:
2023-06-19T12:23:45.6173712Z   Volume: local
2023-06-19T12:23:45.6174263Z   Network: bridge host ipvlan macvlan null overlay
2023-06-19T12:23:45.6175287Z   Log: awslogs fluentd gcplogs gelf journald json-file local logentries splunk syslog
2023-06-19T12:23:45.6176100Z  Swarm: inactive
2023-06-19T12:23:45.6177068Z  Runtimes: runc io.containerd.runc.v2 io.containerd.runtime.v1.linux
2023-06-19T12:23:45.6177744Z  Default Runtime: runc
2023-06-19T12:23:45.6178879Z  Init Binary: docker-init
2023-06-19T12:23:45.6179557Z  containerd version: 3dce8eb055cbb6872793272b4f20ed16117344f8
2023-06-19T12:23:45.6181019Z  runc version: 860f061b76bb4fc671f0f9e900f7d80ff93d4eb7
2023-06-19T12:23:45.6181370Z  init version: 
2023-06-19T12:23:45.6181749Z  Security Options:
2023-06-19T12:23:45.6182086Z   apparmor
2023-06-19T12:23:45.6182388Z   seccomp
2023-06-19T12:23:45.6182652Z    Profile: default
2023-06-19T12:23:45.6183000Z   cgroupns
2023-06-19T12:23:45.6183430Z  Kernel Version: 5.15.0-1039-azure
2023-06-19T12:23:45.6183804Z  Operating System: Ubuntu 22.04.2 LTS
2023-06-19T12:23:45.6184152Z  OSType: linux
2023-06-19T12:23:45.6184430Z  Architecture: x86_64
2023-06-19T12:23:45.6184789Z  CPUs: 2
2023-06-19T12:23:45.6185098Z  Total Memory: 6.781GiB
2023-06-19T12:23:45.6185474Z  Name: fv-az1107-259
2023-06-19T12:23:45.6185872Z  ID: MDL2:AMQL:FRUE:G3MI:7H2K:27TL:EGGV:HXN6:4I7S:EP23:4SRC:GBGL
2023-06-19T12:23:45.6186267Z  Docker Root Dir: /var/lib/docker
2023-06-19T12:23:45.6186633Z  Debug Mode: false
2023-06-19T12:23:45.6186962Z  Username: githubactions
2023-06-19T12:23:45.6187369Z  Registry: https://index.docker.io/v1/
2023-06-19T12:23:45.6187772Z  Labels:
2023-06-19T12:23:45.6188040Z  Experimental: false
2023-06-19T12:23:45.6188384Z  Insecure Registries:
2023-06-19T12:23:45.6188707Z   127.0.0.0/8
2023-06-19T12:23:45.6189293Z  Live Restore Enabled: false
2023-06-19T12:23:45.6189560Z 
2023-06-19T12:23:45.6190069Z ##[endgroup]
2023-06-19T12:23:45.6968175Z ##[group]Buildx version
2023-06-19T12:23:45.7003690Z [command]/usr/bin/docker buildx version
2023-06-19T12:23:45.7712182Z github.com/docker/buildx 0.10.4+azure-1 c513d34049e499c53468deac6c4267ee72948f02
2023-06-19T12:23:45.7765654Z ##[endgroup]
2023-06-19T12:23:45.7766879Z ##[group]Creating a new builder instance
2023-06-19T12:23:45.9917882Z [command]/usr/bin/docker buildx create --name builder-697627d3-dee5-4f67-8d87-436bcb7e2332 --driver docker-container --buildkitd-flags --allow-insecure-entitlement security.insecure --allow-insecure-entitlement network.host --use
2023-06-19T12:23:46.0753121Z builder-697627d3-dee5-4f67-8d87-436bcb7e2332
2023-06-19T12:23:46.0795632Z ##[endgroup]
2023-06-19T12:23:46.0796488Z ##[group]Booting builder
2023-06-19T12:23:46.0822266Z [command]/usr/bin/docker buildx inspect --bootstrap --builder builder-697627d3-dee5-4f67-8d87-436bcb7e2332
2023-06-19T12:23:46.1555058Z #1 [internal] booting buildkit
2023-06-19T12:23:46.3057472Z #1 pulling image moby/buildkit:buildx-stable-1
2023-06-19T12:23:46.9028752Z #1 pulling image moby/buildkit:buildx-stable-1 0.7s done
2023-06-19T12:23:47.0533208Z #1 creating container buildx_buildkit_builder-697627d3-dee5-4f67-8d87-436bcb7e23320
2023-06-19T12:23:47.6592790Z #1 creating container buildx_buildkit_builder-697627d3-dee5-4f67-8d87-436bcb7e23320 0.8s done
2023-06-19T12:23:47.6593459Z #1 DONE 1.5s
2023-06-19T12:23:47.7922612Z Name:          builder-697627d3-dee5-4f67-8d87-436bcb7e2332
2023-06-19T12:23:47.7924167Z Driver:        docker-container
2023-06-19T12:23:47.7925631Z Last Activity: 2023-06-19 12:23:46 +0000 UTC
2023-06-19T12:23:47.7925871Z 
2023-06-19T12:23:47.7927780Z Nodes:
2023-06-19T12:23:47.7929352Z Name:      builder-697627d3-dee5-4f67-8d87-436bcb7e23320
2023-06-19T12:23:47.7929803Z Endpoint:  unix:///var/run/docker.sock
2023-06-19T12:23:47.7931115Z Status:    running
2023-06-19T12:23:47.7932754Z Flags:     --allow-insecure-entitlement security.insecure --allow-insecure-entitlement network.host
2023-06-19T12:23:47.7934224Z Buildkit:  v0.11.6
2023-06-19T12:23:47.7935646Z Platforms: linux/amd64, linux/amd64/v2, linux/amd64/v3, linux/amd64/v4, linux/386
2023-06-19T12:23:47.7972991Z ##[endgroup]
2023-06-19T12:23:47.9616804Z ##[group]Inspect builder
2023-06-19T12:23:47.9617208Z {
2023-06-19T12:23:47.9617514Z   "nodes": [
2023-06-19T12:23:47.9617990Z     {
2023-06-19T12:23:47.9618710Z       "name": "builder-697627d3-dee5-4f67-8d87-436bcb7e23320",
2023-06-19T12:23:47.9619214Z       "endpoint": "unix:///var/run/docker.sock",
2023-06-19T12:23:47.9619618Z       "status": "running",
2023-06-19T12:23:47.9620746Z       "buildkitd-flags": "--allow-insecure-entitlement security.insecure --allow-insecure-entitlement network.host",
2023-06-19T12:23:47.9621511Z       "buildkit": "v0.11.6",
2023-06-19T12:23:47.9621997Z       "platforms": "linux/amd64,linux/amd64/v2,linux/amd64/v3,linux/amd64/v4,linux/386"
2023-06-19T12:23:47.9622374Z     }
2023-06-19T12:23:47.9622687Z   ],
2023-06-19T12:23:47.9623259Z   "name": "builder-697627d3-dee5-4f67-8d87-436bcb7e2332",
2023-06-19T12:23:47.9623768Z   "driver": "docker-container",
2023-06-19T12:23:47.9624278Z   "lastActivity": "2023-06-19T12:23:46.000Z"
2023-06-19T12:23:47.9624585Z }
2023-06-19T12:23:47.9625241Z ##[endgroup]
2023-06-19T12:23:47.9625858Z ##[group]BuildKit version
2023-06-19T12:23:47.9626427Z builder-697627d3-dee5-4f67-8d87-436bcb7e23320: v0.11.6
2023-06-19T12:23:47.9627199Z ##[endgroup]
2023-06-19T12:23:47.9885606Z ##[group]Run docker/login-action@v2
2023-06-19T12:23:47.9885990Z with:
2023-06-19T12:23:47.9886572Z   username: ***
2023-06-19T12:23:47.9887010Z   password: ***
2023-06-19T12:23:47.9887334Z   ecr: auto
2023-06-19T12:23:47.9887689Z   logout: true
2023-06-19T12:23:47.9888007Z ##[endgroup]
2023-06-19T12:23:48.1382419Z Logging into Docker Hub...
2023-06-19T12:23:48.8505924Z Login Succeeded!
2023-06-19T12:23:48.8597874Z ##[group]Run docker/build-push-action@v2
2023-06-19T12:23:48.8598178Z with:
2023-06-19T12:23:48.8598483Z   context: ./
2023-06-19T12:23:48.8598767Z   tags: ***/modul300_ci-cd:latest

2023-06-19T12:23:48.8599004Z   push: true
2023-06-19T12:23:48.8599398Z   load: false
2023-06-19T12:23:48.8599642Z   no-cache: false
2023-06-19T12:23:48.8599955Z   pull: false
2023-06-19T12:23:48.8600478Z   github-token: ***
2023-06-19T12:23:48.8600765Z ##[endgroup]
2023-06-19T12:23:50.7719706Z ##[warning]The `save-state` command is deprecated and will be disabled soon. Please upgrade to using Environment Files. For more information see: https://github.blog/changelog/2022-10-11-github-actions-deprecating-save-state-and-set-output-commands/
2023-06-19T12:23:50.7730886Z ##[group]Docker info
2023-06-19T12:23:50.7841122Z [command]/usr/bin/docker version
2023-06-19T12:23:50.8081567Z Client:
2023-06-19T12:23:50.8085460Z  Version:           20.10.25+azure-1
2023-06-19T12:23:50.8086060Z  API version:       1.41
2023-06-19T12:23:50.8087713Z  Go version:        go1.19.9
2023-06-19T12:23:50.8088037Z  Git commit:        b82b9f3a0e763304a250531cb9350aa6d93723c9
2023-06-19T12:23:50.8088383Z  Built:             Thu Apr  6 10:55:17 UTC 2023
2023-06-19T12:23:50.8088680Z  OS/Arch:           linux/amd64
2023-06-19T12:23:50.8088949Z  Context:           default
2023-06-19T12:23:50.8089225Z  Experimental:      true
2023-06-19T12:23:50.8089398Z 
2023-06-19T12:23:50.8089489Z Server:
2023-06-19T12:23:50.8089692Z  Engine:
2023-06-19T12:23:50.8090108Z   Version:          20.10.25+azure-1
2023-06-19T12:23:50.8090387Z   API version:      1.41 (minimum version 1.12)
2023-06-19T12:23:50.8090653Z   Go version:       go1.19.9
2023-06-19T12:23:50.8090954Z   Git commit:       5df983c7dbe2f8914e6efd4dd6e0083a20c41ce1
2023-06-19T12:23:50.8091259Z   Built:            Thu May  4 13:33:05 2023
2023-06-19T12:23:50.8091510Z   OS/Arch:          linux/amd64
2023-06-19T12:23:50.8091755Z   Experimental:     false
2023-06-19T12:23:50.8091997Z  containerd:
2023-06-19T12:23:50.8092257Z   Version:          1.6.21+azure-1
2023-06-19T12:23:50.8092542Z   GitCommit:        3dce8eb055cbb6872793272b4f20ed16117344f8
2023-06-19T12:23:50.8092805Z  runc:
2023-06-19T12:23:50.8093013Z   Version:          1.1.7
2023-06-19T12:23:50.8093301Z   GitCommit:        860f061b76bb4fc671f0f9e900f7d80ff93d4eb7
2023-06-19T12:23:50.8093600Z  docker-init:
2023-06-19T12:23:50.8093807Z   Version:          0.19.0
2023-06-19T12:23:50.8094038Z   GitCommit:        
2023-06-19T12:23:50.8168316Z [command]/usr/bin/docker info
2023-06-19T12:23:50.8905506Z Client:
2023-06-19T12:23:50.8906163Z  Context:    default
2023-06-19T12:23:50.8907218Z  Debug Mode: false
2023-06-19T12:23:50.8907671Z  Plugins:
2023-06-19T12:23:50.8908904Z   buildx: Docker Buildx (Docker Inc., 0.10.4+azure-1)
2023-06-19T12:23:50.8909548Z   compose: Docker Compose (Docker Inc., 2.18.1+azure-1)
2023-06-19T12:23:50.8915819Z 
2023-06-19T12:23:50.8916416Z Server:
2023-06-19T12:23:50.8917160Z  Containers: 1
2023-06-19T12:23:50.8917645Z   Running: 1
2023-06-19T12:23:50.8918310Z   Paused: 0
2023-06-19T12:23:50.8918745Z   Stopped: 0
2023-06-19T12:23:50.8919391Z  Images: 18
2023-06-19T12:23:50.8919991Z  Server Version: 20.10.25+azure-1
2023-06-19T12:23:50.8920709Z  Storage Driver: overlay2
2023-06-19T12:23:50.8921189Z   Backing Filesystem: extfs
2023-06-19T12:23:50.8921908Z   Supports d_type: true
2023-06-19T12:23:50.8922375Z   Native Overlay Diff: false
2023-06-19T12:23:50.8923060Z   userxattr: false
2023-06-19T12:23:50.8923571Z  Logging Driver: json-file
2023-06-19T12:23:50.8924281Z  Cgroup Driver: cgroupfs
2023-06-19T12:23:50.8924739Z  Cgroup Version: 2
2023-06-19T12:23:50.8925503Z  Plugins:
2023-06-19T12:23:50.8925895Z   Volume: local
2023-06-19T12:23:50.8926775Z   Network: bridge host ipvlan macvlan null overlay
2023-06-19T12:23:50.8927483Z   Log: awslogs fluentd gcplogs gelf journald json-file local logentries splunk syslog
2023-06-19T12:23:50.8928332Z  Swarm: inactive
2023-06-19T12:23:50.8929200Z  Runtimes: io.containerd.runc.v2 io.containerd.runtime.v1.linux runc
2023-06-19T12:23:50.8929986Z  Default Runtime: runc
2023-06-19T12:23:50.8930490Z  Init Binary: docker-init
2023-06-19T12:23:50.8931226Z  containerd version: 3dce8eb055cbb6872793272b4f20ed16117344f8
2023-06-19T12:23:50.8931790Z  runc version: 860f061b76bb4fc671f0f9e900f7d80ff93d4eb7
2023-06-19T12:23:50.8932449Z  init version: 
2023-06-19T12:23:50.8932867Z  Security Options:
2023-06-19T12:23:50.8933472Z   apparmor
2023-06-19T12:23:50.8933856Z   seccomp
2023-06-19T12:23:50.8934455Z    Profile: default
2023-06-19T12:23:50.8934854Z   cgroupns
2023-06-19T12:23:50.8935532Z  Kernel Version: 5.15.0-1039-azure
2023-06-19T12:23:50.8936004Z  Operating System: Ubuntu 22.04.2 LTS
2023-06-19T12:23:50.8936649Z  OSType: linux
2023-06-19T12:23:50.8937085Z  Architecture: x86_64
2023-06-19T12:23:50.8937700Z  CPUs: 2
2023-06-19T12:23:50.8938103Z  Total Memory: 6.781GiB
2023-06-19T12:23:50.8938770Z  Name: fv-az1107-259
2023-06-19T12:23:50.8939278Z  ID: MDL2:AMQL:FRUE:G3MI:7H2K:27TL:EGGV:HXN6:4I7S:EP23:4SRC:GBGL
2023-06-19T12:23:50.8939988Z  Docker Root Dir: /var/lib/docker
2023-06-19T12:23:50.8940600Z  Debug Mode: false
2023-06-19T12:23:50.8941368Z  Username: ***
2023-06-19T12:23:50.8941880Z  Registry: https://index.docker.io/v1/
2023-06-19T12:23:50.8942590Z  Labels:
2023-06-19T12:23:50.8943010Z  Experimental: false
2023-06-19T12:23:50.8943710Z  Insecure Registries:
2023-06-19T12:23:50.8944148Z   127.0.0.0/8
2023-06-19T12:23:50.8944814Z  Live Restore Enabled: false
2023-06-19T12:23:50.8945173Z 
2023-06-19T12:23:50.8946029Z ##[endgroup]
2023-06-19T12:23:50.9602865Z ##[warning]The `save-state` command is deprecated and will be disabled soon. Please upgrade to using Environment Files. For more information see: https://github.blog/changelog/2022-10-11-github-actions-deprecating-save-state-and-set-output-commands/
2023-06-19T12:23:51.0578870Z [command]/usr/bin/docker buildx build --iidfile /tmp/docker-build-push-jGl9Qm/iidfile --tag ***/modul300_ci-cd:latest --metadata-file /tmp/docker-build-push-jGl9Qm/metadata-file --push ./
2023-06-19T12:23:51.5869637Z #1 [internal] load .dockerignore
2023-06-19T12:23:51.5875342Z #1 transferring context: 2B done
2023-06-19T12:23:51.5877017Z #1 DONE 0.0s
2023-06-19T12:23:51.5878154Z 
2023-06-19T12:23:51.5878668Z #2 [internal] load build definition from Dockerfile
2023-06-19T12:23:51.5879325Z #2 transferring dockerfile: 76B done
2023-06-19T12:23:51.5879849Z #2 DONE 0.0s
2023-06-19T12:23:51.5880122Z 
2023-06-19T12:23:51.5880614Z #3 [internal] load metadata for docker.io/library/nginx:latest
2023-06-19T12:23:51.8846648Z #3 ...
2023-06-19T12:23:51.8846852Z 
2023-06-19T12:23:51.8847364Z #4 [auth] library/nginx:pull token for registry-1.docker.io
2023-06-19T12:23:51.8847710Z #4 DONE 0.0s
2023-06-19T12:23:52.0329704Z 
2023-06-19T12:23:52.0331409Z #3 [internal] load metadata for docker.io/library/nginx:latest
2023-06-19T12:23:52.6334330Z #3 DONE 1.1s
2023-06-19T12:23:52.6334891Z 
2023-06-19T12:23:52.6336493Z #5 [1/2] FROM docker.io/library/nginx@sha256:593dac25b7733ffb7afe1a72649a43e574778bf025ad60514ef40f6b5d606247
2023-06-19T12:23:52.6337292Z #5 resolve docker.io/library/nginx@sha256:593dac25b7733ffb7afe1a72649a43e574778bf025ad60514ef40f6b5d606247 done
2023-06-19T12:23:52.6337916Z #5 DONE 0.1s
2023-06-19T12:23:52.6340190Z 
2023-06-19T12:23:52.6341194Z #6 [internal] load build context
2023-06-19T12:23:52.7451309Z #6 transferring context: 2.66MB 0.1s done
2023-06-19T12:23:52.7451870Z #6 DONE 0.1s
2023-06-19T12:23:52.7452397Z 
2023-06-19T12:23:52.7452839Z #5 [1/2] FROM docker.io/library/nginx@sha256:593dac25b7733ffb7afe1a72649a43e574778bf025ad60514ef40f6b5d606247
2023-06-19T12:23:52.7453362Z #5 sha256:4a85ce26214d83c77b5464631a67c71e1c2793b655261befe52ba0e20ffc3bd1 1.40kB / 1.40kB 0.1s done
2023-06-19T12:23:52.7453853Z #5 sha256:4b98867cde79486d55399cb95957331018b849a2bf04ee9a6dcae9b8bc482d76 1.21kB / 1.21kB 0.1s done
2023-06-19T12:23:52.8850507Z #5 sha256:b0e1283145af839c63923f671b4ab6c5d9e22826ab4372c6660db5a5556446c8 366B / 366B 0.2s done
2023-06-19T12:23:52.8851822Z #5 sha256:ca89ed5461a9f2c681ebd39ed6583a7405d82f51b42177b7388c99eb6869e780 959B / 959B 0.2s done
2023-06-19T12:23:52.8852673Z #5 sha256:3b9543f2b5005b74aae0ffaa779803f2b162ec3bd461c9e10a21671512718c87 627B / 627B 0.2s done
2023-06-19T12:23:53.0359074Z #5 sha256:441a1b46536703aec84bf2cabdd2524d4cc7dad9c6772491e01ff8ffe15b5507 0B / 41.46MB 0.2s
2023-06-19T12:23:53.0360487Z #5 sha256:5b5fe70539cd6989aa19f25826309f9715a9489cf1c057982d6a84c1ad8975c7 7.39MB / 29.12MB 0.2s
2023-06-19T12:23:53.1575510Z #5 sha256:441a1b46536703aec84bf2cabdd2524d4cc7dad9c6772491e01ff8ffe15b5507 41.46MB / 41.46MB 0.4s done
2023-06-19T12:23:53.1576809Z #5 sha256:5b5fe70539cd6989aa19f25826309f9715a9489cf1c057982d6a84c1ad8975c7 27.26MB / 29.12MB 0.3s
2023-06-19T12:23:53.3079029Z #5 sha256:5b5fe70539cd6989aa19f25826309f9715a9489cf1c057982d6a84c1ad8975c7 29.12MB / 29.12MB 0.4s done
2023-06-19T12:23:53.3082514Z #5 extracting sha256:5b5fe70539cd6989aa19f25826309f9715a9489cf1c057982d6a84c1ad8975c7
2023-06-19T12:23:54.0307378Z #5 extracting sha256:5b5fe70539cd6989aa19f25826309f9715a9489cf1c057982d6a84c1ad8975c7 0.8s done
2023-06-19T12:23:54.0308031Z #5 DONE 1.5s
2023-06-19T12:23:54.1817242Z 
2023-06-19T12:23:54.1819516Z #5 [1/2] FROM docker.io/library/nginx@sha256:593dac25b7733ffb7afe1a72649a43e574778bf025ad60514ef40f6b5d606247
2023-06-19T12:23:54.1820274Z #5 extracting sha256:441a1b46536703aec84bf2cabdd2524d4cc7dad9c6772491e01ff8ffe15b5507
2023-06-19T12:23:54.9153859Z #5 extracting sha256:441a1b46536703aec84bf2cabdd2524d4cc7dad9c6772491e01ff8ffe15b5507 0.9s done
2023-06-19T12:23:54.9154330Z #5 DONE 2.4s
2023-06-19T12:23:55.0662148Z 
2023-06-19T12:23:55.0662736Z #5 [1/2] FROM docker.io/library/nginx@sha256:593dac25b7733ffb7afe1a72649a43e574778bf025ad60514ef40f6b5d606247
2023-06-19T12:23:55.0663411Z #5 extracting sha256:3b9543f2b5005b74aae0ffaa779803f2b162ec3bd461c9e10a21671512718c87 done
2023-06-19T12:23:55.0663993Z #5 extracting sha256:ca89ed5461a9f2c681ebd39ed6583a7405d82f51b42177b7388c99eb6869e780 done
2023-06-19T12:23:55.0664565Z #5 extracting sha256:b0e1283145af839c63923f671b4ab6c5d9e22826ab4372c6660db5a5556446c8 done
2023-06-19T12:23:55.0665085Z #5 extracting sha256:4b98867cde79486d55399cb95957331018b849a2bf04ee9a6dcae9b8bc482d76 done
2023-06-19T12:23:55.0665615Z #5 extracting sha256:4a85ce26214d83c77b5464631a67c71e1c2793b655261befe52ba0e20ffc3bd1 done
2023-06-19T12:23:55.0666008Z #5 DONE 2.4s
2023-06-19T12:23:55.0666167Z 
2023-06-19T12:23:55.0666308Z #7 [2/2] COPY . /usr/share/nginx/html
2023-06-19T12:23:55.8191929Z #7 DONE 0.8s
2023-06-19T12:23:55.8192285Z 
2023-06-19T12:23:55.8192503Z #8 exporting to image
2023-06-19T12:23:55.8192988Z #8 exporting layers
2023-06-19T12:23:55.9303294Z #8 exporting layers 0.1s done
2023-06-19T12:23:55.9303950Z #8 exporting manifest sha256:440954ff7ec4cc5d9f9b85a829376be9c8efb92b7e0c54f7aa825e5b9367c1ae done
2023-06-19T12:23:55.9306070Z #8 exporting config sha256:66fd85a12d07d840215e96165dbc8b03500a1cbc2208dda4d23b0962d99d5bd7 done
2023-06-19T12:23:55.9306734Z #8 exporting attestation manifest sha256:b4ad31179d9ecff0b91b057e3e3b609db0b5fa0ef2891935845ce20a519f67ea done
2023-06-19T12:23:55.9307376Z #8 exporting manifest list sha256:980743d334a3e3f127fc64f0800a6bba00b19d395e0935e4cbe3b71ebb6aa526 done
2023-06-19T12:23:55.9307815Z #8 pushing layers
2023-06-19T12:23:56.0813876Z #8 ...
2023-06-19T12:23:56.0814493Z 
2023-06-19T12:23:56.0815589Z #9 [auth] ***/modul300_ci-cd:pull,push token for registry-1.docker.io
2023-06-19T12:23:56.0816426Z #9 DONE 0.0s
2023-06-19T12:23:56.2322853Z 
2023-06-19T12:23:56.2323182Z #8 exporting to image
2023-06-19T12:23:57.4354642Z #8 pushing layers 1.5s done
2023-06-19T12:23:57.4356008Z #8 pushing manifest for docker.io/***/modul300_ci-cd:latest@sha256:980743d334a3e3f127fc64f0800a6bba00b19d395e0935e4cbe3b71ebb6aa526
2023-06-19T12:23:58.4215057Z #8 pushing manifest for docker.io/***/modul300_ci-cd:latest@sha256:980743d334a3e3f127fc64f0800a6bba00b19d395e0935e4cbe3b71ebb6aa526 1.0s done
2023-06-19T12:23:58.4216210Z #8 DONE 2.7s
2023-06-19T12:23:58.4329144Z ##[group]ImageID
2023-06-19T12:23:58.4329996Z sha256:980743d334a3e3f127fc64f0800a6bba00b19d395e0935e4cbe3b71ebb6aa526
2023-06-19T12:23:58.4370225Z ##[warning]The `set-output` command is deprecated and will be disabled soon. Please upgrade to using Environment Files. For more information see: https://github.blog/changelog/2022-10-11-github-actions-deprecating-save-state-and-set-output-commands/
2023-06-19T12:23:58.4372416Z ##[endgroup]
2023-06-19T12:23:58.4373085Z ##[group]Digest
2023-06-19T12:23:58.4373621Z sha256:980743d334a3e3f127fc64f0800a6bba00b19d395e0935e4cbe3b71ebb6aa526
2023-06-19T12:23:58.4376835Z ##[warning]The `set-output` command is deprecated and will be disabled soon. Please upgrade to using Environment Files. For more information see: https://github.blog/changelog/2022-10-11-github-actions-deprecating-save-state-and-set-output-commands/
2023-06-19T12:23:58.4378704Z ##[endgroup]
2023-06-19T12:23:58.4382842Z ##[group]Metadata
2023-06-19T12:23:58.4383290Z {
2023-06-19T12:23:58.4383676Z   "containerimage.buildinfo": {
2023-06-19T12:23:58.4384158Z     "frontend": "dockerfile.v0",
2023-06-19T12:23:58.4384555Z     "attrs": {
2023-06-19T12:23:58.4384921Z       "filename": "Dockerfile",
2023-06-19T12:23:58.4385438Z       "vcs:revision": "d7ab6ca968396ef49309fb42a0b08ed03792ac15",
2023-06-19T12:23:58.4386430Z       "vcs:source": "https://github.com/***/m300_CI-CD"
2023-06-19T12:23:58.4386865Z     },
2023-06-19T12:23:58.4387197Z     "sources": [
2023-06-19T12:23:58.4387531Z       {
2023-06-19T12:23:58.4387961Z         "type": "docker-image",
2023-06-19T12:23:58.4388424Z         "ref": "docker.io/library/nginx:latest",
2023-06-19T12:23:58.4389064Z         "pin": "sha256:593dac25b7733ffb7afe1a72649a43e574778bf025ad60514ef40f6b5d606247"
2023-06-19T12:23:58.4389588Z       }
2023-06-19T12:23:58.4389907Z     ]
2023-06-19T12:23:58.4390191Z   },
2023-06-19T12:23:58.4390587Z   "containerimage.descriptor": {
2023-06-19T12:23:58.4391165Z     "mediaType": "application/vnd.oci.image.index.v1+json",
2023-06-19T12:23:58.4391869Z     "digest": "sha256:980743d334a3e3f127fc64f0800a6bba00b19d395e0935e4cbe3b71ebb6aa526",
2023-06-19T12:23:58.4392398Z     "size": 856
2023-06-19T12:23:58.4392721Z   },
2023-06-19T12:23:58.4393297Z   "containerimage.digest": "sha256:980743d334a3e3f127fc64f0800a6bba00b19d395e0935e4cbe3b71ebb6aa526",
2023-06-19T12:23:58.4394124Z   "image.name": "***/modul300_ci-cd:latest"
2023-06-19T12:23:58.4394517Z }
2023-06-19T12:23:58.4398058Z ##[warning]The `set-output` command is deprecated and will be disabled soon. Please upgrade to using Environment Files. For more information see: https://github.blog/changelog/2022-10-11-github-actions-deprecating-save-state-and-set-output-commands/
2023-06-19T12:23:58.4399982Z ##[endgroup]
2023-06-19T12:23:58.4565658Z ##[group]Run echo 
2023-06-19T12:23:58.4566278Z [36;1mecho [0m
2023-06-19T12:23:58.4630971Z shell: /usr/bin/bash -e {0}
2023-06-19T12:23:58.4631194Z ##[endgroup]
2023-06-19T12:23:58.4814276Z 
2023-06-19T12:23:58.4873374Z Post job cleanup.
2023-06-19T12:23:58.6010317Z ##[group]Removing temp folder /tmp/docker-build-push-jGl9Qm
2023-06-19T12:23:58.6024671Z ##[endgroup]
2023-06-19T12:23:58.6142977Z Post job cleanup.
2023-06-19T12:23:58.7554716Z [command]/usr/bin/docker logout 
2023-06-19T12:23:58.7847237Z Removing login credentials for https://index.docker.io/v1/
2023-06-19T12:23:58.7975200Z Post job cleanup.
2023-06-19T12:23:58.9241812Z ##[group]Removing builder
2023-06-19T12:23:59.0858307Z [command]/usr/bin/docker buildx rm builder-697627d3-dee5-4f67-8d87-436bcb7e2332
2023-06-19T12:23:59.4542456Z builder-697627d3-dee5-4f67-8d87-436bcb7e2332 removed
2023-06-19T12:23:59.4571284Z ##[endgroup]
2023-06-19T12:23:59.4572966Z ##[group]Cleaning up certificates
2023-06-19T12:23:59.4597690Z ##[endgroup]
2023-06-19T12:23:59.4671255Z Post job cleanup.
2023-06-19T12:23:59.5772631Z [command]/usr/bin/git version
2023-06-19T12:23:59.5822280Z git version 2.40.1
2023-06-19T12:23:59.5868101Z Temporarily overriding HOME='/home/runner/work/_temp/8e4cff68-e398-496d-ac1d-95d0df5b4c04' before making global git config changes
2023-06-19T12:23:59.5869487Z Adding repository directory to the temporary git global config as a safe directory
2023-06-19T12:23:59.5875603Z [command]/usr/bin/git config --global --add safe.directory /home/runner/work/m300_CI-CD/m300_CI-CD
2023-06-19T12:23:59.5922851Z [command]/usr/bin/git config --local --name-only --get-regexp core\.sshCommand
2023-06-19T12:23:59.5961483Z [command]/usr/bin/git submodule foreach --recursive sh -c "git config --local --name-only --get-regexp 'core\.sshCommand' && git config --local --unset-all 'core.sshCommand' || :"
2023-06-19T12:23:59.6217905Z [command]/usr/bin/git config --local --name-only --get-regexp http\.https\:\/\/github\.com\/\.extraheader
2023-06-19T12:23:59.6245738Z http.https://github.com/.extraheader
2023-06-19T12:23:59.6258389Z [command]/usr/bin/git config --local --unset-all http.https://github.com/.extraheader
2023-06-19T12:23:59.6295873Z [command]/usr/bin/git submodule foreach --recursive sh -c "git config --local --name-only --get-regexp 'http\.https\:\/\/github\.com\/\.extraheader' && git config --local --unset-all 'http.https://github.com/.extraheader' || :"
2023-06-19T12:23:59.6749725Z Cleaning up orphan processes
